Archive member included to satisfy reference by file (symbol)

../../../../../libopencm3//lib/libopencm3_stm32f0.a(rcc.o)
                              usart.o (rcc_clock_setup_in_hse_8mhz_out_48mhz)
../../../../../libopencm3//lib/libopencm3_stm32f0.a(gpio_common_f0234.o)
                              usart.o (gpio_mode_setup)
../../../../../libopencm3//lib/libopencm3_stm32f0.a(dma_common_l1f013.o)
                              usart.o (dma_clear_interrupt_flags)
../../../../../libopencm3//lib/libopencm3_stm32f0.a(timer_common_all.o)
                              usart.o (timer_enable_irq)
../../../../../libopencm3//lib/libopencm3_stm32f0.a(rcc_common_all.o)
                              usart.o (rcc_periph_clock_enable)
../../../../../libopencm3//lib/libopencm3_stm32f0.a(flash_common_all.o)
                              ../../../../../libopencm3//lib/libopencm3_stm32f0.a(rcc.o) (flash_prefetch_enable)
../../../../../libopencm3//lib/libopencm3_stm32f0.a(usart_common_all.o)
                              usart.o (usart_set_baudrate)
../../../../../libopencm3//lib/libopencm3_stm32f0.a(usart_common_v2.o)
                              ../../../../../libopencm3//lib/libopencm3_stm32f0.a(usart_common_all.o) (usart_send)
../../../../../libopencm3//lib/libopencm3_stm32f0.a(vector.o)
                              (reset_handler)
../../../../../libopencm3//lib/libopencm3_stm32f0.a(nvic.o)
                              usart.o (nvic_enable_irq)
../../../../../libopencm3//lib/libopencm3_stm32f0.a(assert.o)
                              ../../../../../libopencm3//lib/libopencm3_stm32f0.a(rcc.o) (cm3_assert_failed)
/usr/lib/gcc/arm-none-eabi/5.4.1/../../../arm-none-eabi/lib/armv6-m/libc.a(lib_a-strncmp.o)
                              usart.o (strncmp)
/usr/lib/gcc/arm-none-eabi/5.4.1/armv6-m/libgcc.a(_thumb1_case_sqi.o)
                              ../../../../../libopencm3//lib/libopencm3_stm32f0.a(timer_common_all.o) (__gnu_thumb1_case_sqi)
/usr/lib/gcc/arm-none-eabi/5.4.1/armv6-m/libgcc.a(_thumb1_case_uqi.o)
                              ../../../../../libopencm3//lib/libopencm3_stm32f0.a(rcc.o) (__gnu_thumb1_case_uqi)
/usr/lib/gcc/arm-none-eabi/5.4.1/armv6-m/libgcc.a(_udivsi3.o)
                              usart.o (__aeabi_uidiv)
/usr/lib/gcc/arm-none-eabi/5.4.1/armv6-m/libgcc.a(_dvmd_tls.o)
                              /usr/lib/gcc/arm-none-eabi/5.4.1/armv6-m/libgcc.a(_udivsi3.o) (__aeabi_idiv0)

Discarded input sections

 .group         0x00000000        0x8 usart.o
 .group         0x00000000        0x8 usart.o
 .group         0x00000000        0x8 usart.o
 .group         0x00000000        0x8 usart.o
 .group         0x00000000        0x8 usart.o
 .group         0x00000000        0x8 usart.o
 .group         0x00000000        0x8 usart.o
 .group         0x00000000        0x8 usart.o
 .group         0x00000000        0x8 usart.o
 .group         0x00000000        0x8 usart.o
 .group         0x00000000        0x8 usart.o
 .group         0x00000000        0x8 usart.o
 .group         0x00000000        0x8 usart.o
 .group         0x00000000        0x8 usart.o
 .group         0x00000000        0x8 usart.o
 .group         0x00000000        0x8 usart.o
 .group         0x00000000        0x8 usart.o
 .group         0x00000000        0x8 usart.o
 .group         0x00000000        0x8 usart.o
 .group         0x00000000        0x8 usart.o
 .group         0x00000000        0x8 usart.o
 .group         0x00000000        0x8 usart.o
 .group         0x00000000        0x8 usart.o
 .group         0x00000000        0x8 usart.o
 .group         0x00000000        0x8 usart.o
 .group         0x00000000        0x8 usart.o
 .group         0x00000000        0x8 usart.o
 .group         0x00000000        0x8 usart.o
 .group         0x00000000        0x8 usart.o
 .group         0x00000000        0x8 usart.o
 .group         0x00000000        0x8 usart.o
 .group         0x00000000        0x8 usart.o
 .group         0x00000000        0x8 usart.o
 .group         0x00000000        0x8 usart.o
 .group         0x00000000        0x8 usart.o
 .group         0x00000000        0x8 usart.o
 .text          0x00000000        0x0 usart.o
 .data          0x00000000        0x0 usart.o
 .bss           0x00000000        0x0 usart.o
 .group         0x00000000        0x8 ../../../../../libopencm3//lib/libopencm3_stm32f0.a(rcc.o)
 .group         0x00000000        0x8 ../../../../../libopencm3//lib/libopencm3_stm32f0.a(rcc.o)
 .group         0x00000000        0x8 ../../../../../libopencm3//lib/libopencm3_stm32f0.a(rcc.o)
 .group         0x00000000        0x8 ../../../../../libopencm3//lib/libopencm3_stm32f0.a(rcc.o)
 .group         0x00000000        0x8 ../../../../../libopencm3//lib/libopencm3_stm32f0.a(rcc.o)
 .group         0x00000000        0x8 ../../../../../libopencm3//lib/libopencm3_stm32f0.a(rcc.o)
 .group         0x00000000        0x8 ../../../../../libopencm3//lib/libopencm3_stm32f0.a(rcc.o)
[...]
Memory Configuration

Name             Origin             Length             Attributes
rom              0x08000000         0x00004000         xr
ram              0x20000000         0x00001000         xrw
*default*        0x00000000         0xffffffff

Linker script and memory map

LOAD usart.o
LOAD ../../../../../libopencm3//lib/libopencm3_stm32f0.a
START GROUP
LOAD /usr/lib/gcc/arm-none-eabi/5.4.1/../../../arm-none-eabi/lib/armv6-m/libc.a
LOAD /usr/lib/gcc/arm-none-eabi/5.4.1/armv6-m/libgcc.a
LOAD /usr/lib/gcc/arm-none-eabi/5.4.1/../../../arm-none-eabi/lib/armv6-m/libnosys.a
END GROUP
START GROUP
LOAD /usr/lib/gcc/arm-none-eabi/5.4.1/armv6-m/libgcc.a
LOAD /usr/lib/gcc/arm-none-eabi/5.4.1/../../../arm-none-eabi/lib/armv6-m/libg.a
LOAD /usr/lib/gcc/arm-none-eabi/5.4.1/../../../arm-none-eabi/lib/armv6-m/libc.a
END GROUP

.text           0x08000000      0xdb4
 *(.vectors)
 .vectors       0x08000000       0xc0 ../../../../../libopencm3//lib/libopencm3_stm32f0.a(vector.o)
                0x08000000                vector_table
 *(.text*)
 .text.startup.main
                0x080000c0      0x41c usart.o
                0x080000c0                main
 .text.usart1_isr
                0x080004dc       0x88 usart.o
                0x080004dc                usart1_isr
 .text.dma1_channel2_3_isr
                0x08000564       0x28 usart.o
                0x08000564                dma1_channel2_3_isr
 .text.dma1_channel4_5_isr
                0x0800058c       0x3c usart.o
                0x0800058c                dma1_channel4_5_isr
 .text.tim1_cc_isr
                0x080005c8       0x2c usart.o
                0x080005c8                tim1_cc_isr
 .text.rcc_is_osc_ready
                0x080005f4       0x54 ../../../../../libopencm3//lib/libopencm3_stm32f0.a(rcc.o)
                0x080005f4                rcc_is_osc_ready
 .text.rcc_wait_for_osc_ready
                0x08000648       0x10 ../../../../../libopencm3//lib/libopencm3_stm32f0.a(rcc.o)
                0x08000648                rcc_wait_for_osc_ready
 .text.rcc_osc_on
                0x08000658       0x54 ../../../../../libopencm3//lib/libopencm3_stm32f0.a(rcc.o)
                0x08000658                rcc_osc_on
 .text.rcc_set_sysclk_source
                0x080006ac       0x44 ../../../../../libopencm3//lib/libopencm3_stm32f0.a(rcc.o)
                0x080006ac                rcc_set_sysclk_source
 .text.rcc_set_pll_multiplication_factor
                0x080006f0       0x18 ../../../../../libopencm3//lib/libopencm3_stm32f0.a(rcc.o)
                0x080006f0                rcc_set_pll_multiplication_factor
 .text.rcc_set_pll_source
                0x08000708       0x18 ../../../../../libopencm3//lib/libopencm3_stm32f0.a(rcc.o)
                0x08000708                rcc_set_pll_source
 .text.rcc_set_pllxtpre
                0x08000720       0x18 ../../../../../libopencm3//lib/libopencm3_stm32f0.a(rcc.o)
                0x08000720                rcc_set_pllxtpre
 .text.rcc_set_ppre
                0x08000738       0x18 ../../../../../libopencm3//lib/libopencm3_stm32f0.a(rcc.o)
                0x08000738                rcc_set_ppre
 .text.rcc_set_hpre
                0x08000750       0x14 ../../../../../libopencm3//lib/libopencm3_stm32f0.a(rcc.o)
                0x08000750                rcc_set_hpre
 .text.rcc_clock_setup_in_hse_8mhz_out_48mhz
                0x08000764       0x74 ../../../../../libopencm3//lib/libopencm3_stm32f0.a(rcc.o)
                0x08000764                rcc_clock_setup_in_hse_8mhz_out_48mhz
 .text.gpio_mode_setup
                0x080007d8       0x3a ../../../../../libopencm3//lib/libopencm3_stm32f0.a(gpio_common_f0234.o)
                0x080007d8                gpio_mode_setup
 .text.gpio_set_output_options
                0x08000812       0x3a ../../../../../libopencm3//lib/libopencm3_stm32f0.a(gpio_common_f0234.o)
                0x08000812                gpio_set_output_options
 .text.gpio_set_af
                0x0800084c       0x58 ../../../../../libopencm3//lib/libopencm3_stm32f0.a(gpio_common_f0234.o)
                0x0800084c                gpio_set_af
 .text.dma_clear_interrupt_flags
                0x080008a4        0xa ../../../../../libopencm3//lib/libopencm3_stm32f0.a(dma_common_l1f013.o)
                0x080008a4                dma_clear_interrupt_flags
 .text.dma_get_interrupt_flag
                0x080008ae       0x12 ../../../../../libopencm3//lib/libopencm3_stm32f0.a(dma_common_l1f013.o)
                0x080008ae                dma_get_interrupt_flag
 .text.dma_enable_mem2mem_mode
                0x080008c0       0x1e ../../../../../libopencm3//lib/libopencm3_stm32f0.a(dma_common_l1f013.o)
                0x080008c0                dma_enable_mem2mem_mode
 *fill*         0x080008de        0x2 
 .text.dma_set_priority
                0x080008e0       0x20 ../../../../../libopencm3//lib/libopencm3_stm32f0.a(dma_common_l1f013.o)
                0x080008e0                dma_set_priority
 .text.dma_set_memory_size
                0x08000900       0x20 ../../../../../libopencm3//lib/libopencm3_stm32f0.a(dma_common_l1f013.o)
                0x08000900                dma_set_memory_size
 .text.dma_set_peripheral_size
                0x08000920       0x20 ../../../../../libopencm3//lib/libopencm3_stm32f0.a(dma_common_l1f013.o)
                0x08000920                dma_set_peripheral_size
 .text.dma_enable_memory_increment_mode
                0x08000940       0x14 ../../../../../libopencm3//lib/libopencm3_stm32f0.a(dma_common_l1f013.o)
                0x08000940                dma_enable_memory_increment_mode
 .text.dma_enable_peripheral_increment_mode
                0x08000954       0x14 ../../../../../libopencm3//lib/libopencm3_stm32f0.a(dma_common_l1f013.o)
                0x08000954                dma_enable_peripheral_increment_mode
 .text.dma_disable_peripheral_increment_mode
                0x08000968       0x14 ../../../../../libopencm3//lib/libopencm3_stm32f0.a(dma_common_l1f013.o)
                0x08000968                dma_disable_peripheral_increment_mode
 .text.dma_set_read_from_peripheral
                0x0800097c       0x14 ../../../../../libopencm3//lib/libopencm3_stm32f0.a(dma_common_l1f013.o)
                0x0800097c                dma_set_read_from_peripheral
 .text.dma_set_read_from_memory
                0x08000990       0x14 ../../../../../libopencm3//lib/libopencm3_stm32f0.a(dma_common_l1f013.o)
                0x08000990                dma_set_read_from_memory
 .text.dma_enable_transfer_complete_interrupt
                0x080009a4       0x14 ../../../../../libopencm3//lib/libopencm3_stm32f0.a(dma_common_l1f013.o)
                0x080009a4                dma_enable_transfer_complete_interrupt
 .text.dma_enable_channel
                0x080009b8       0x14 ../../../../../libopencm3//lib/libopencm3_stm32f0.a(dma_common_l1f013.o)
                0x080009b8                dma_enable_channel
 .text.dma_disable_channel
                0x080009cc       0x14 ../../../../../libopencm3//lib/libopencm3_stm32f0.a(dma_common_l1f013.o)
                0x080009cc                dma_disable_channel
 .text.dma_set_peripheral_address
                0x080009e0       0x12 ../../../../../libopencm3//lib/libopencm3_stm32f0.a(dma_common_l1f013.o)
                0x080009e0                dma_set_peripheral_address
 .text.dma_set_memory_address
                0x080009f2       0x12 ../../../../../libopencm3//lib/libopencm3_stm32f0.a(dma_common_l1f013.o)
                0x080009f2                dma_set_memory_address
 .text.dma_set_number_of_data
                0x08000a04       0x10 ../../../../../libopencm3//lib/libopencm3_stm32f0.a(dma_common_l1f013.o)
                0x08000a04                dma_set_number_of_data
 .text.timer_enable_irq
                0x08000a14        0x8 ../../../../../libopencm3//lib/libopencm3_stm32f0.a(timer_common_all.o)
                0x08000a14                timer_enable_irq
 .text.timer_disable_irq
                0x08000a1c        0x8 ../../../../../libopencm3//lib/libopencm3_stm32f0.a(timer_common_all.o)
                0x08000a1c                timer_disable_irq
 .text.timer_clear_flag
                0x08000a24        0x6 ../../../../../libopencm3//lib/libopencm3_stm32f0.a(timer_common_all.o)
                0x08000a24                timer_clear_flag
 .text.timer_enable_counter
                0x08000a2a        0xa ../../../../../libopencm3//lib/libopencm3_stm32f0.a(timer_common_all.o)
                0x08000a2a                timer_enable_counter
 .text.timer_disable_counter
                0x08000a34        0xa ../../../../../libopencm3//lib/libopencm3_stm32f0.a(timer_common_all.o)
                0x08000a34                timer_disable_counter
 *fill*         0x08000a3e        0x2 
 .text.rcc_periph_clock_enable
                0x08000a40       0x1c ../../../../../libopencm3//lib/libopencm3_stm32f0.a(rcc_common_all.o)
                0x08000a40                rcc_periph_clock_enable
 .text.flash_prefetch_enable
                0x08000a5c       0x10 ../../../../../libopencm3//lib/libopencm3_stm32f0.a(flash_common_all.o)
                0x08000a5c                flash_prefetch_enable
 .text.flash_set_ws
                0x08000a6c       0x14 ../../../../../libopencm3//lib/libopencm3_stm32f0.a(flash_common_all.o)
                0x08000a6c                flash_set_ws
 .text.usart_set_baudrate
                0x08000a80       0x18 ../../../../../libopencm3//lib/libopencm3_stm32f0.a(usart_common_all.o)
                0x08000a80                usart_set_baudrate
 .text.usart_set_databits
                0x08000a98       0x1c ../../../../../libopencm3//lib/libopencm3_stm32f0.a(usart_common_all.o)
                0x08000a98                usart_set_databits
 .text.usart_set_stopbits
                0x08000ab4       0x10 ../../../../../libopencm3//lib/libopencm3_stm32f0.a(usart_common_all.o)
                0x08000ab4                usart_set_stopbits
 .text.usart_set_parity
                0x08000ac4       0x10 ../../../../../libopencm3//lib/libopencm3_stm32f0.a(usart_common_all.o)
                0x08000ac4                usart_set_parity
 .text.usart_set_mode
                0x08000ad4        0xc ../../../../../libopencm3//lib/libopencm3_stm32f0.a(usart_common_all.o)
                0x08000ad4                usart_set_mode
 .text.usart_set_flow_control
                0x08000ae0       0x10 ../../../../../libopencm3//lib/libopencm3_stm32f0.a(usart_common_all.o)
                0x08000ae0                usart_set_flow_control
 .text.usart_enable
                0x08000af0        0xa ../../../../../libopencm3//lib/libopencm3_stm32f0.a(usart_common_all.o)
                0x08000af0                usart_enable
 .text.usart_send_blocking
                0x08000afa       0x14 ../../../../../libopencm3//lib/libopencm3_stm32f0.a(usart_common_all.o)
                0x08000afa                usart_send_blocking
 .text.usart_enable_rx_interrupt
                0x08000b0e        0xa ../../../../../libopencm3//lib/libopencm3_stm32f0.a(usart_common_all.o)
                0x08000b0e                usart_enable_rx_interrupt
 .text.usart_send
                0x08000b18        0x8 ../../../../../libopencm3//lib/libopencm3_stm32f0.a(usart_common_v2.o)
                0x08000b18                usart_send
 .text.usart_recv
                0x08000b20        0x8 ../../../../../libopencm3//lib/libopencm3_stm32f0.a(usart_common_v2.o)
                0x08000b20                usart_recv
 .text.usart_wait_send_ready
                0x08000b28        0xa ../../../../../libopencm3//lib/libopencm3_stm32f0.a(usart_common_v2.o)
                0x08000b28                usart_wait_send_ready
 .text.blocking_handler
                0x08000b32        0x2 ../../../../../libopencm3//lib/libopencm3_stm32f0.a(vector.o)
                0x08000b32                rtc_isr
                0x08000b32                tim7_isr
                0x08000b32                blocking_handler
                0x08000b32                tsc_isr
                0x08000b32                spi1_isr
                0x08000b32                i2c1_isr
                0x08000b32                tim17_isr
                0x08000b32                i2c2_isr
                0x08000b32                usart3_4_isr
                0x08000b32                exti2_3_isr
                0x08000b32                tim16_isr
                0x08000b32                pvd_isr
                0x08000b32                rcc_isr
                0x08000b32                flash_isr
                0x08000b32                hard_fault_handler
                0x08000b32                tim14_isr
                0x08000b32                spi2_isr
                0x08000b32                usb_isr
                0x08000b32                tim15_isr
                0x08000b32                tim3_isr
                0x08000b32                usart2_isr
                0x08000b32                adc_comp_isr
                0x08000b32                dma1_channel1_isr
                0x08000b32                tim6_dac_isr
                0x08000b32                tim1_brk_up_trg_com_isr
                0x08000b32                exti4_15_isr
                0x08000b32                cec_can_isr
                0x08000b32                wwdg_isr
                0x08000b32                tim2_isr
                0x08000b32                exti0_1_isr
 .text.null_handler
                0x08000b34        0x2 ../../../../../libopencm3//lib/libopencm3_stm32f0.a(vector.o)
                0x08000b34                null_handler
                0x08000b34                sv_call_handler
                0x08000b34                pend_sv_handler
                0x08000b34                sys_tick_handler
                0x08000b34                nmi_handler
 *fill*         0x08000b36        0x2 
 .text.reset_handler
                0x08000b38       0x90 ../../../../../libopencm3//lib/libopencm3_stm32f0.a(vector.o)
                0x08000b38                reset_handler
 .text.nvic_enable_irq
                0x08000bc8       0x18 ../../../../../libopencm3//lib/libopencm3_stm32f0.a(nvic.o)
                0x08000bc8                nvic_enable_irq
 .text          0x08000be0       0x98 /usr/lib/gcc/arm-none-eabi/5.4.1/../../../arm-none-eabi/lib/armv6-m/libc.a(lib_a-strncmp.o)
                0x08000be0                strncmp
 .text          0x08000c78       0x14 /usr/lib/gcc/arm-none-eabi/5.4.1/armv6-m/libgcc.a(_thumb1_case_uqi.o)
                0x08000c78                __gnu_thumb1_case_uqi
 .text          0x08000c8c      0x114 /usr/lib/gcc/arm-none-eabi/5.4.1/armv6-m/libgcc.a(_udivsi3.o)
                0x08000c8c                __udivsi3
                0x08000c8c                __aeabi_uidiv
                0x08000d98                __aeabi_uidivmod
 .text          0x08000da0        0x4 /usr/lib/gcc/arm-none-eabi/5.4.1/armv6-m/libgcc.a(_dvmd_tls.o)
                0x08000da0                __aeabi_ldiv0
                0x08000da0                __aeabi_idiv0
                0x08000da4                . = ALIGN (0x4)
 *(.rodata*)
 .rodata.str1.1
                0x08000da4        0xe usart.o
                0x08000db4                . = ALIGN (0x4)
 *fill*         0x08000db2        0x2 

.glue_7         0x08000db4        0x0
 .glue_7        0x08000db4        0x0 linker stubs

.glue_7t        0x08000db4        0x0
 .glue_7t       0x08000db4        0x0 linker stubs

.vfp11_veneer   0x08000db4        0x0
 .vfp11_veneer  0x08000db4        0x0 linker stubs

.v4_bx          0x08000db4        0x0
 .v4_bx         0x08000db4        0x0 linker stubs

.iplt           0x08000db4        0x0
 .iplt          0x08000db4        0x0 usart.o

.rel.dyn        0x08000db4        0x0
 .rel.iplt      0x08000db4        0x0 usart.o

.preinit_array  0x08000db4        0x0
                0x08000db4                . = ALIGN (0x4)
                0x08000db4                __preinit_array_start = .
 *(.preinit_array)
                0x08000db4                __preinit_array_end = .

.init_array     0x08000db4        0x0
                0x08000db4                . = ALIGN (0x4)
                0x08000db4                __init_array_start = .
 *(SORT(.init_array.*))
 *(.init_array)
                0x08000db4                __init_array_end = .

.fini_array     0x08000db4        0x0
                0x08000db4                . = ALIGN (0x4)
                0x08000db4                __fini_array_start = .
 *(.fini_array)
 *(SORT(.fini_array.*))
                0x08000db4                __fini_array_end = .

.ARM.extab
 *(.ARM.extab*)

.ARM.exidx      0x08000db4        0x0
                0x08000db4                __exidx_start = .
 *(.ARM.exidx*)
                0x08000db4                __exidx_end = .
                0x08000db4                . = ALIGN (0x4)
                0x08000db4                _etext = .

.data           0x20000000       0x7c load address 0x08000db4
                0x20000000                _data = .
 *(.data*)
 .data.ledBuf   0x20000000       0x60 usart.o
                0x20000000                ledBuf
 .data.uartBuf  0x20000060       0x14 usart.o
                0x20000060                uartBuf
 .data.rcc_ahb_frequency
                0x20000074        0x4 ../../../../../libopencm3//lib/libopencm3_stm32f0.a(rcc.o)
                0x20000074                rcc_ahb_frequency
 .data.rcc_apb1_frequency
                0x20000078        0x4 ../../../../../libopencm3//lib/libopencm3_stm32f0.a(rcc.o)
                0x20000078                rcc_apb1_frequency
                0x2000007c                . = ALIGN (0x4)
                0x2000007c                _edata = .
                0x08000db4                _data_loadaddr = LOADADDR (.data)

.igot.plt       0x2000007c        0x0 load address 0x08000e30
 .igot.plt      0x2000007c        0x0 usart.o

.bss            0x2000007c       0x18 load address 0x08000e30
 *(.bss*)
 .bss.uartBufbk
                0x2000007c       0x14 usart.o
                0x2000007c                uartBufbk
 .bss.index.5149
                0x20000090        0x1 usart.o
 .bss.ready     0x20000091        0x1 usart.o
 .bss.receive.5150
                0x20000092        0x1 usart.o
 *(COMMON)
                0x20000094                . = ALIGN (0x4)
 *fill*         0x20000093        0x1 
                0x20000094                _ebss = .

/DISCARD/
 *(.eh_frame)
                0x20000094                . = ALIGN (0x4)
                0x20000094                end = .
                0x20001000                PROVIDE (_stack, (ORIGIN (ram) + LENGTH (ram)))
OUTPUT(usart.elf elf32-littlearm)

.debug_info     0x00000000     0x468f
 .debug_info    0x00000000     0x10ce usart.o
 .debug_info    0x000010ce      0x7b7 ../../../../../libopencm3//lib/libopencm3_stm32f0.a(rcc.o)
 .debug_info    0x00001885      0x1f5 ../../../../../libopencm3//lib/libopencm3_stm32f0.a(gpio_common_f0234.o)
 .debug_info    0x00001a7a      0x6bc ../../../../../libopencm3//lib/libopencm3_stm32f0.a(dma_common_l1f013.o)
 .debug_info    0x00002136      0xffe ../../../../../libopencm3//lib/libopencm3_stm32f0.a(timer_common_all.o)
 .debug_info    0x00003134      0x4db ../../../../../libopencm3//lib/libopencm3_stm32f0.a(rcc_common_all.o)
 .debug_info    0x0000360f       0xec ../../../../../libopencm3//lib/libopencm3_stm32f0.a(flash_common_all.o)
 .debug_info    0x000036fb      0x4ae ../../../../../libopencm3//lib/libopencm3_stm32f0.a(usart_common_all.o)
 .debug_info    0x00003ba9      0x368 ../../../../../libopencm3//lib/libopencm3_stm32f0.a(usart_common_v2.o)
 .debug_info    0x00003f11      0x2a7 ../../../../../libopencm3//lib/libopencm3_stm32f0.a(vector.o)
 .debug_info    0x000041b8      0x1b0 ../../../../../libopencm3//lib/libopencm3_stm32f0.a(nvic.o)
 .debug_info    0x00004368       0xfc /usr/lib/gcc/arm-none-eabi/5.4.1/../../../arm-none-eabi/lib/armv6-m/libc.a(lib_a-strncmp.o)
 .debug_info    0x00004464       0xb9 /usr/lib/gcc/arm-none-eabi/5.4.1/armv6-m/libgcc.a(_thumb1_case_uqi.o)
 .debug_info    0x0000451d       0xb9 /usr/lib/gcc/arm-none-eabi/5.4.1/armv6-m/libgcc.a(_udivsi3.o)
 .debug_info    0x000045d6       0xb9 /usr/lib/gcc/arm-none-eabi/5.4.1/armv6-m/libgcc.a(_dvmd_tls.o)

.debug_abbrev   0x00000000      0xde6
 .debug_abbrev  0x00000000      0x1d9 usart.o
 .debug_abbrev  0x000001d9      0x25a ../../../../../libopencm3//lib/libopencm3_stm32f0.a(rcc.o)
 .debug_abbrev  0x00000433       0xb7 ../../../../../libopencm3//lib/libopencm3_stm32f0.a(gpio_common_f0234.o)
 .debug_abbrev  0x000004ea      0x136 ../../../../../libopencm3//lib/libopencm3_stm32f0.a(dma_common_l1f013.o)
 .debug_abbrev  0x00000620      0x15f ../../../../../libopencm3//lib/libopencm3_stm32f0.a(timer_common_all.o)
 .debug_abbrev  0x0000077f      0x11d ../../../../../libopencm3//lib/libopencm3_stm32f0.a(rcc_common_all.o)
 .debug_abbrev  0x0000089c       0x8a ../../../../../libopencm3//lib/libopencm3_stm32f0.a(flash_common_all.o)
 .debug_abbrev  0x00000926      0x126 ../../../../../libopencm3//lib/libopencm3_stm32f0.a(usart_common_all.o)
 .debug_abbrev  0x00000a4c       0xf1 ../../../../../libopencm3//lib/libopencm3_stm32f0.a(usart_common_v2.o)
 .debug_abbrev  0x00000b3d      0x146 ../../../../../libopencm3//lib/libopencm3_stm32f0.a(vector.o)
 .debug_abbrev  0x00000c83       0xa6 ../../../../../libopencm3//lib/libopencm3_stm32f0.a(nvic.o)
 .debug_abbrev  0x00000d29       0x81 /usr/lib/gcc/arm-none-eabi/5.4.1/../../../arm-none-eabi/lib/armv6-m/libc.a(lib_a-strncmp.o)
 .debug_abbrev  0x00000daa       0x14 /usr/lib/gcc/arm-none-eabi/5.4.1/armv6-m/libgcc.a(_thumb1_case_uqi.o)
 .debug_abbrev  0x00000dbe       0x14 /usr/lib/gcc/arm-none-eabi/5.4.1/armv6-m/libgcc.a(_udivsi3.o)
 .debug_abbrev  0x00000dd2       0x14 /usr/lib/gcc/arm-none-eabi/5.4.1/armv6-m/libgcc.a(_dvmd_tls.o)

.debug_loc      0x00000000     0x214d
 .debug_loc     0x00000000       0xb9 usart.o
 .debug_loc     0x000000b9      0x249 ../../../../../libopencm3//lib/libopencm3_stm32f0.a(rcc.o)
 .debug_loc     0x00000302      0x173 ../../../../../libopencm3//lib/libopencm3_stm32f0.a(gpio_common_f0234.o)
 .debug_loc     0x00000475      0x85c ../../../../../libopencm3//lib/libopencm3_stm32f0.a(dma_common_l1f013.o)
 .debug_loc     0x00000cd1      0xdd1 ../../../../../libopencm3//lib/libopencm3_stm32f0.a(timer_common_all.o)
 .debug_loc     0x00001aa2       0xe7 ../../../../../libopencm3//lib/libopencm3_stm32f0.a(rcc_common_all.o)
 .debug_loc     0x00001b89       0x3f ../../../../../libopencm3//lib/libopencm3_stm32f0.a(flash_common_all.o)
 .debug_loc     0x00001bc8      0x1e1 ../../../../../libopencm3//lib/libopencm3_stm32f0.a(usart_common_all.o)
 .debug_loc     0x00001da9       0xc3 ../../../../../libopencm3//lib/libopencm3_stm32f0.a(usart_common_v2.o)
 .debug_loc     0x00001e6c       0xdc ../../../../../libopencm3//lib/libopencm3_stm32f0.a(vector.o)
 .debug_loc     0x00001f48      0x100 ../../../../../libopencm3//lib/libopencm3_stm32f0.a(nvic.o)
 .debug_loc     0x00002048      0x105 /usr/lib/gcc/arm-none-eabi/5.4.1/../../../arm-none-eabi/lib/armv6-m/libc.a(lib_a-strncmp.o)

.debug_aranges  0x00000000      0x7d0
 .debug_aranges
                0x00000000       0x40 usart.o
 .debug_aranges
                0x00000040      0x110 ../../../../../libopencm3//lib/libopencm3_stm32f0.a(rcc.o)
 .debug_aranges
                0x00000150       0x30 ../../../../../libopencm3//lib/libopencm3_stm32f0.a(gpio_common_f0234.o)
 .debug_aranges
                0x00000180       0xe8 ../../../../../libopencm3//lib/libopencm3_stm32f0.a(dma_common_l1f013.o)
 .debug_aranges
                0x00000268      0x268 ../../../../../libopencm3//lib/libopencm3_stm32f0.a(timer_common_all.o)
 .debug_aranges
                0x000004d0       0x68 ../../../../../libopencm3//lib/libopencm3_stm32f0.a(rcc_common_all.o)
 .debug_aranges
                0x00000538       0x38 ../../../../../libopencm3//lib/libopencm3_stm32f0.a(flash_common_all.o)
 .debug_aranges
                0x00000570       0xb8 ../../../../../libopencm3//lib/libopencm3_stm32f0.a(usart_common_all.o)
 .debug_aranges
                0x00000628       0xa8 ../../../../../libopencm3//lib/libopencm3_stm32f0.a(usart_common_v2.o)
 .debug_aranges
                0x000006d0       0x30 ../../../../../libopencm3//lib/libopencm3_stm32f0.a(vector.o)
 .debug_aranges
                0x00000700       0x50 ../../../../../libopencm3//lib/libopencm3_stm32f0.a(nvic.o)
 .debug_aranges
                0x00000750       0x20 /usr/lib/gcc/arm-none-eabi/5.4.1/../../../arm-none-eabi/lib/armv6-m/libc.a(lib_a-strncmp.o)
 .debug_aranges
                0x00000770       0x20 /usr/lib/gcc/arm-none-eabi/5.4.1/armv6-m/libgcc.a(_thumb1_case_uqi.o)
 .debug_aranges
                0x00000790       0x20 /usr/lib/gcc/arm-none-eabi/5.4.1/armv6-m/libgcc.a(_udivsi3.o)
 .debug_aranges
                0x000007b0       0x20 /usr/lib/gcc/arm-none-eabi/5.4.1/armv6-m/libgcc.a(_dvmd_tls.o)

.debug_ranges   0x00000000      0x6c8
 .debug_ranges  0x00000000       0x30 usart.o
 .debug_ranges  0x00000030      0x128 ../../../../../libopencm3//lib/libopencm3_stm32f0.a(rcc.o)
 .debug_ranges  0x00000158       0x20 ../../../../../libopencm3//lib/libopencm3_stm32f0.a(gpio_common_f0234.o)
 .debug_ranges  0x00000178       0xd8 ../../../../../libopencm3//lib/libopencm3_stm32f0.a(dma_common_l1f013.o)
 .debug_ranges  0x00000250      0x258 ../../../../../libopencm3//lib/libopencm3_stm32f0.a(timer_common_all.o)
 .debug_ranges  0x000004a8       0x58 ../../../../../libopencm3//lib/libopencm3_stm32f0.a(rcc_common_all.o)
 .debug_ranges  0x00000500       0x28 ../../../../../libopencm3//lib/libopencm3_stm32f0.a(flash_common_all.o)
 .debug_ranges  0x00000528       0xa8 ../../../../../libopencm3//lib/libopencm3_stm32f0.a(usart_common_all.o)
 .debug_ranges  0x000005d0       0x98 ../../../../../libopencm3//lib/libopencm3_stm32f0.a(usart_common_v2.o)
 .debug_ranges  0x00000668       0x20 ../../../../../libopencm3//lib/libopencm3_stm32f0.a(vector.o)
 .debug_ranges  0x00000688       0x40 ../../../../../libopencm3//lib/libopencm3_stm32f0.a(nvic.o)

.debug_macro    0x00000000     0x51e4
 .debug_macro   0x00000000      0x23e usart.o
 .debug_macro   0x0000023e      0x820 usart.o
 .debug_macro   0x00000a5e       0x22 usart.o
 .debug_macro   0x00000a80       0x4f usart.o
 .debug_macro   0x00000acf       0x44 usart.o
 .debug_macro   0x00000b13       0xfd usart.o
 .debug_macro   0x00000c10       0x5e usart.o
 .debug_macro   0x00000c6e      0x1df usart.o
 .debug_macro   0x00000e4d       0x22 usart.o
 .debug_macro   0x00000e6f       0xfa usart.o
 .debug_macro   0x00000f69       0x34 usart.o
 .debug_macro   0x00000f9d      0x15a usart.o
 .debug_macro   0x000010f7      0x746 usart.o
 .debug_macro   0x0000183d       0x76 usart.o
 .debug_macro   0x000018b3      0x2e6 usart.o
 .debug_macro   0x00001b99      0x14e usart.o
 .debug_macro   0x00001ce7       0x3a usart.o
 .debug_macro   0x00001d21       0x94 usart.o
 .debug_macro   0x00001db5      0x514 usart.o
 .debug_macro   0x000022c9       0x1c usart.o
 .debug_macro   0x000022e5      0x4f5 usart.o
 .debug_macro   0x000027da       0x46 usart.o
 .debug_macro   0x00002820       0xca usart.o
 .debug_macro   0x000028ea      0xf6c usart.o
 .debug_macro   0x00003856       0x52 usart.o
 .debug_macro   0x000038a8       0x52 usart.o
 .debug_macro   0x000038fa       0x35 usart.o
 .debug_macro   0x0000392f       0x9c usart.o
 .debug_macro   0x000039cb      0x16d usart.o
 .debug_macro   0x00003b38       0x52 usart.o
 .debug_macro   0x00003b8a       0x1f usart.o
 .debug_macro   0x00003ba9       0x43 usart.o
 .debug_macro   0x00003bec       0x20 usart.o
 .debug_macro   0x00003c0c      0x187 usart.o
 .debug_macro   0x00003d93      0x330 usart.o
 .debug_macro   0x000040c3       0x10 usart.o
 .debug_macro   0x000040d3       0x35 usart.o
 .debug_macro   0x00004108      0x10e ../../../../../libopencm3//lib/libopencm3_stm32f0.a(rcc.o)
 .debug_macro   0x00004216       0x16 ../../../../../libopencm3//lib/libopencm3_stm32f0.a(rcc.o)
 .debug_macro   0x0000422c       0xee ../../../../../libopencm3//lib/libopencm3_stm32f0.a(rcc.o)
 .debug_macro   0x0000431a       0xd0 ../../../../../libopencm3//lib/libopencm3_stm32f0.a(rcc.o)
 .debug_macro   0x000043ea      0x35f ../../../../../libopencm3//lib/libopencm3_stm32f0.a(rcc.o)
 .debug_macro   0x00004749       0xd7 ../../../../../libopencm3//lib/libopencm3_stm32f0.a(gpio_common_f0234.o)
 .debug_macro   0x00004820       0xb4 ../../../../../libopencm3//lib/libopencm3_stm32f0.a(dma_common_l1f013.o)
 .debug_macro   0x000048d4       0xdb ../../../../../libopencm3//lib/libopencm3_stm32f0.a(timer_common_all.o)
 .debug_macro   0x000049af       0xcf ../../../../../libopencm3//lib/libopencm3_stm32f0.a(rcc_common_all.o)
 .debug_macro   0x00004a7e       0xc1 ../../../../../libopencm3//lib/libopencm3_stm32f0.a(flash_common_all.o)
 .debug_macro   0x00004b3f       0xda ../../../../../libopencm3//lib/libopencm3_stm32f0.a(usart_common_all.o)
 .debug_macro   0x00004c19       0xc2 ../../../../../libopencm3//lib/libopencm3_stm32f0.a(usart_common_v2.o)
 .debug_macro   0x00004cdb       0xd0 ../../../../../libopencm3//lib/libopencm3_stm32f0.a(vector.o)
 .debug_macro   0x00004dab      0x1b1 ../../../../../libopencm3//lib/libopencm3_stm32f0.a(vector.o)
 .debug_macro   0x00004f5c       0xb4 ../../../../../libopencm3//lib/libopencm3_stm32f0.a(nvic.o)
 .debug_macro   0x00005010       0x40 ../../../../../libopencm3//lib/libopencm3_stm32f0.a(nvic.o)
 .debug_macro   0x00005050      0x194 ../../../../../libopencm3//lib/libopencm3_stm32f0.a(nvic.o)

.debug_line     0x00000000     0x2efe
 .debug_line    0x00000000      0x576 usart.o
 .debug_line    0x00000576      0x573 ../../../../../libopencm3//lib/libopencm3_stm32f0.a(rcc.o)
 .debug_line    0x00000ae9      0x2c6 ../../../../../libopencm3//lib/libopencm3_stm32f0.a(gpio_common_f0234.o)
 .debug_line    0x00000daf      0x425 ../../../../../libopencm3//lib/libopencm3_stm32f0.a(dma_common_l1f013.o)
 .debug_line    0x000011d4      0x8f1 ../../../../../libopencm3//lib/libopencm3_stm32f0.a(timer_common_all.o)
 .debug_line    0x00001ac5      0x2de ../../../../../libopencm3//lib/libopencm3_stm32f0.a(rcc_common_all.o)
 .debug_line    0x00001da3      0x294 ../../../../../libopencm3//lib/libopencm3_stm32f0.a(flash_common_all.o)
 .debug_line    0x00002037      0x3f9 ../../../../../libopencm3//lib/libopencm3_stm32f0.a(usart_common_all.o)
 .debug_line    0x00002430      0x393 ../../../../../libopencm3//lib/libopencm3_stm32f0.a(usart_common_v2.o)
 .debug_line    0x000027c3      0x2a6 ../../../../../libopencm3//lib/libopencm3_stm32f0.a(vector.o)
 .debug_line    0x00002a69      0x24f ../../../../../libopencm3//lib/libopencm3_stm32f0.a(nvic.o)
 .debug_line    0x00002cb8      0x118 /usr/lib/gcc/arm-none-eabi/5.4.1/../../../arm-none-eabi/lib/armv6-m/libc.a(lib_a-strncmp.o)
 .debug_line    0x00002dd0       0x66 /usr/lib/gcc/arm-none-eabi/5.4.1/armv6-m/libgcc.a(_thumb1_case_uqi.o)
 .debug_line    0x00002e36       0x6a /usr/lib/gcc/arm-none-eabi/5.4.1/armv6-m/libgcc.a(_udivsi3.o)
 .debug_line    0x00002ea0       0x5e /usr/lib/gcc/arm-none-eabi/5.4.1/armv6-m/libgcc.a(_dvmd_tls.o)

.debug_str      0x00000000    0x16a9a
 .debug_str     0x00000000    0x123d3 usart.o
                              0x125e5 (size before relaxing)
 .debug_str     0x000123d3     0x1cb1 ../../../../../libopencm3//lib/libopencm3_stm32f0.a(rcc.o)
                               0x8283 (size before relaxing)
 .debug_str     0x00014084       0x85 ../../../../../libopencm3//lib/libopencm3_stm32f0.a(gpio_common_f0234.o)
                               0x53d8 (size before relaxing)
 .debug_str     0x00014109      0x15a ../../../../../libopencm3//lib/libopencm3_stm32f0.a(dma_common_l1f013.o)
                               0x5df8 (size before relaxing)
 .debug_str     0x00014263      0xa55 ../../../../../libopencm3//lib/libopencm3_stm32f0.a(timer_common_all.o)
                               0xb024 (size before relaxing)
 .debug_str     0x00014cb8      0x2c1 ../../../../../libopencm3//lib/libopencm3_stm32f0.a(rcc_common_all.o)
                               0x680a (size before relaxing)
 .debug_str     0x00014f79       0x54 ../../../../../libopencm3//lib/libopencm3_stm32f0.a(flash_common_all.o)
                               0x487b (size before relaxing)
 .debug_str     0x00014fcd      0x164 ../../../../../libopencm3//lib/libopencm3_stm32f0.a(usart_common_all.o)
                               0x8100 (size before relaxing)
 .debug_str     0x00015131      0x190 ../../../../../libopencm3//lib/libopencm3_stm32f0.a(usart_common_v2.o)
                               0x5bf8 (size before relaxing)
 .debug_str     0x000152c1      0xeaa ../../../../../libopencm3//lib/libopencm3_stm32f0.a(vector.o)
                               0x48aa (size before relaxing)
 .debug_str     0x0001616b      0x84b ../../../../../libopencm3//lib/libopencm3_stm32f0.a(nvic.o)
                               0x425c (size before relaxing)
 .debug_str     0x000169b6       0xe4 /usr/lib/gcc/arm-none-eabi/5.4.1/../../../arm-none-eabi/lib/armv6-m/libc.a(lib_a-strncmp.o)
                                0x191 (size before relaxing)

.comment        0x00000000       0x2b
 .comment       0x00000000       0x2b usart.o
                                 0x2c (size before relaxing)
 .comment       0x0000002b       0x2c ../../../../../libopencm3//lib/libopencm3_stm32f0.a(rcc.o)
 .comment       0x0000002b       0x2c ../../../../../libopencm3//lib/libopencm3_stm32f0.a(gpio_common_f0234.o)
 .comment       0x0000002b       0x2c ../../../../../libopencm3//lib/libopencm3_stm32f0.a(dma_common_l1f013.o)
 .comment       0x0000002b       0x2c ../../../../../libopencm3//lib/libopencm3_stm32f0.a(timer_common_all.o)
 .comment       0x0000002b       0x2c ../../../../../libopencm3//lib/libopencm3_stm32f0.a(rcc_common_all.o)
 .comment       0x0000002b       0x2c ../../../../../libopencm3//lib/libopencm3_stm32f0.a(flash_common_all.o)
 .comment       0x0000002b       0x2c ../../../../../libopencm3//lib/libopencm3_stm32f0.a(usart_common_all.o)
 .comment       0x0000002b       0x2c ../../../../../libopencm3//lib/libopencm3_stm32f0.a(usart_common_v2.o)
 .comment       0x0000002b       0x2c ../../../../../libopencm3//lib/libopencm3_stm32f0.a(vector.o)
 .comment       0x0000002b       0x2c ../../../../../libopencm3//lib/libopencm3_stm32f0.a(nvic.o)
 .comment       0x0000002b       0x2c /usr/lib/gcc/arm-none-eabi/5.4.1/../../../arm-none-eabi/lib/armv6-m/libc.a(lib_a-strncmp.o)

.ARM.attributes
                0x00000000       0x31
 .ARM.attributes
                0x00000000       0x31 usart.o
 .ARM.attributes
                0x00000031       0x31 ../../../../../libopencm3//lib/libopencm3_stm32f0.a(rcc.o)
 .ARM.attributes
                0x00000062       0x31 ../../../../../libopencm3//lib/libopencm3_stm32f0.a(gpio_common_f0234.o)
 .ARM.attributes
                0x00000093       0x31 ../../../../../libopencm3//lib/libopencm3_stm32f0.a(dma_common_l1f013.o)
 .ARM.attributes
                0x000000c4       0x31 ../../../../../libopencm3//lib/libopencm3_stm32f0.a(timer_common_all.o)
 .ARM.attributes
                0x000000f5       0x31 ../../../../../libopencm3//lib/libopencm3_stm32f0.a(rcc_common_all.o)
 .ARM.attributes
                0x00000126       0x31 ../../../../../libopencm3//lib/libopencm3_stm32f0.a(flash_common_all.o)
 .ARM.attributes
                0x00000157       0x31 ../../../../../libopencm3//lib/libopencm3_stm32f0.a(usart_common_all.o)
 .ARM.attributes
                0x00000188       0x31 ../../../../../libopencm3//lib/libopencm3_stm32f0.a(usart_common_v2.o)
 .ARM.attributes
                0x000001b9       0x31 ../../../../../libopencm3//lib/libopencm3_stm32f0.a(vector.o)
 .ARM.attributes
                0x000001ea       0x31 ../../../../../libopencm3//lib/libopencm3_stm32f0.a(nvic.o)
 .ARM.attributes
                0x0000021b       0x2c /usr/lib/gcc/arm-none-eabi/5.4.1/../../../arm-none-eabi/lib/armv6-m/libc.a(lib_a-strncmp.o)
 .ARM.attributes
                0x00000247       0x1e /usr/lib/gcc/arm-none-eabi/5.4.1/armv6-m/libgcc.a(_thumb1_case_uqi.o)
 .ARM.attributes
                0x00000265       0x1e /usr/lib/gcc/arm-none-eabi/5.4.1/armv6-m/libgcc.a(_udivsi3.o)
 .ARM.attributes
                0x00000283       0x1e /usr/lib/gcc/arm-none-eabi/5.4.1/armv6-m/libgcc.a(_dvmd_tls.o)

.debug_frame    0x00000000      0xf5c
 .debug_frame   0x00000000       0x94 usart.o
 .debug_frame   0x00000094      0x26c ../../../../../libopencm3//lib/libopencm3_stm32f0.a(rcc.o)
 .debug_frame   0x00000300       0x78 ../../../../../libopencm3//lib/libopencm3_stm32f0.a(gpio_common_f0234.o)
 .debug_frame   0x00000378      0x1b0 ../../../../../libopencm3//lib/libopencm3_stm32f0.a(dma_common_l1f013.o)
 .debug_frame   0x00000528      0x560 ../../../../../libopencm3//lib/libopencm3_stm32f0.a(timer_common_all.o)
 .debug_frame   0x00000a88       0xd0 ../../../../../libopencm3//lib/libopencm3_stm32f0.a(rcc_common_all.o)
 .debug_frame   0x00000b58       0x50 ../../../../../libopencm3//lib/libopencm3_stm32f0.a(flash_common_all.o)
 .debug_frame   0x00000ba8      0x16c ../../../../../libopencm3//lib/libopencm3_stm32f0.a(usart_common_all.o)
 .debug_frame   0x00000d14      0x130 ../../../../../libopencm3//lib/libopencm3_stm32f0.a(usart_common_v2.o)
 .debug_frame   0x00000e44       0x4c ../../../../../libopencm3//lib/libopencm3_stm32f0.a(vector.o)
 .debug_frame   0x00000e90       0x80 ../../../../../libopencm3//lib/libopencm3_stm32f0.a(nvic.o)
 .debug_frame   0x00000f10       0x2c /usr/lib/gcc/arm-none-eabi/5.4.1/../../../arm-none-eabi/lib/armv6-m/libc.a(lib_a-strncmp.o)
 .debug_frame   0x00000f3c       0x20 /usr/lib/gcc/arm-none-eabi/5.4.1/armv6-m/libgcc.a(_udivsi3.o)

Cross Reference Table

Symbol                                            File
__aeabi_idiv0                                     /usr/lib/gcc/arm-none-eabi/5.4.1/armv6-m/libgcc.a(_dvmd_tls.o)
                                                  /usr/lib/gcc/arm-none-eabi/5.4.1/armv6-m/libgcc.a(_udivsi3.o)
__aeabi_ldiv0                                     /usr/lib/gcc/arm-none-eabi/5.4.1/armv6-m/libgcc.a(_dvmd_tls.o)
__aeabi_uidiv                                     /usr/lib/gcc/arm-none-eabi/5.4.1/armv6-m/libgcc.a(_udivsi3.o)
                                                  ../../../../../libopencm3//lib/libopencm3_stm32f0.a(usart_common_all.o)
                                                  usart.o
__aeabi_uidivmod                                  /usr/lib/gcc/arm-none-eabi/5.4.1/armv6-m/libgcc.a(_udivsi3.o)
                                                  usart.o
__fini_array_end                                  ../../../../../libopencm3//lib/libopencm3_stm32f0.a(vector.o)
__fini_array_start                                ../../../../../libopencm3//lib/libopencm3_stm32f0.a(vector.o)
__gnu_thumb1_case_sqi                             /usr/lib/gcc/arm-none-eabi/5.4.1/armv6-m/libgcc.a(_thumb1_case_sqi.o)
                                                  ../../../../../libopencm3//lib/libopencm3_stm32f0.a(timer_common_all.o)
__gnu_thumb1_case_uqi                             /usr/lib/gcc/arm-none-eabi/5.4.1/armv6-m/libgcc.a(_thumb1_case_uqi.o)
                                                  ../../../../../libopencm3//lib/libopencm3_stm32f0.a(timer_common_all.o)
                                                  ../../../../../libopencm3//lib/libopencm3_stm32f0.a(rcc.o)
__init_array_end                                  ../../../../../libopencm3//lib/libopencm3_stm32f0.a(vector.o)
__init_array_start                                ../../../../../libopencm3//lib/libopencm3_stm32f0.a(vector.o)
__preinit_array_end                               ../../../../../libopencm3//lib/libopencm3_stm32f0.a(vector.o)
__preinit_array_start                             ../../../../../libopencm3//lib/libopencm3_stm32f0.a(vector.o)
__udivsi3                                         /usr/lib/gcc/arm-none-eabi/5.4.1/armv6-m/libgcc.a(_udivsi3.o)
_data                                             ../../../../../libopencm3//lib/libopencm3_stm32f0.a(vector.o)
_data_loadaddr                                    ../../../../../libopencm3//lib/libopencm3_stm32f0.a(vector.o)
_ebss                                             ../../../../../libopencm3//lib/libopencm3_stm32f0.a(vector.o)
_edata                                            ../../../../../libopencm3//lib/libopencm3_stm32f0.a(vector.o)
_stack                                            ../../../../../libopencm3//lib/libopencm3_stm32f0.a(vector.o)
adc_comp_isr                                      ../../../../../libopencm3//lib/libopencm3_stm32f0.a(vector.o)
blocking_handler                                  ../../../../../libopencm3//lib/libopencm3_stm32f0.a(vector.o)
cec_can_isr                                       ../../../../../libopencm3//lib/libopencm3_stm32f0.a(vector.o)
cm3_assert_failed                                 ../../../../../libopencm3//lib/libopencm3_stm32f0.a(assert.o)
                                                  ../../../../../libopencm3//lib/libopencm3_stm32f0.a(rcc.o)
cm3_assert_failed_verbose                         ../../../../../libopencm3//lib/libopencm3_stm32f0.a(assert.o)
dma1_channel1_isr                                 ../../../../../libopencm3//lib/libopencm3_stm32f0.a(vector.o)
dma1_channel2_3_isr                               usart.o
dma1_channel4_5_isr                               usart.o
dma_channel_reset                                 ../../../../../libopencm3//lib/libopencm3_stm32f0.a(dma_common_l1f013.o)
dma_clear_interrupt_flags                         ../../../../../libopencm3//lib/libopencm3_stm32f0.a(dma_common_l1f013.o)
                                                  usart.o
dma_disable_channel                               ../../../../../libopencm3//lib/libopencm3_stm32f0.a(dma_common_l1f013.o)
                                                  usart.o
dma_disable_half_transfer_interrupt               ../../../../../libopencm3//lib/libopencm3_stm32f0.a(dma_common_l1f013.o)
dma_disable_memory_increment_mode                 ../../../../../libopencm3//lib/libopencm3_stm32f0.a(dma_common_l1f013.o)
dma_disable_peripheral_increment_mode             ../../../../../libopencm3//lib/libopencm3_stm32f0.a(dma_common_l1f013.o)
                                                  usart.o
dma_disable_transfer_complete_interrupt           ../../../../../libopencm3//lib/libopencm3_stm32f0.a(dma_common_l1f013.o)
dma_disable_transfer_error_interrupt              ../../../../../libopencm3//lib/libopencm3_stm32f0.a(dma_common_l1f013.o)
dma_enable_channel                                ../../../../../libopencm3//lib/libopencm3_stm32f0.a(dma_common_l1f013.o)
                                                  usart.o
dma_enable_circular_mode                          ../../../../../libopencm3//lib/libopencm3_stm32f0.a(dma_common_l1f013.o)
dma_enable_half_transfer_interrupt                ../../../../../libopencm3//lib/libopencm3_stm32f0.a(dma_common_l1f013.o)
dma_enable_mem2mem_mode                           ../../../../../libopencm3//lib/libopencm3_stm32f0.a(dma_common_l1f013.o)
                                                  usart.o
dma_enable_memory_increment_mode                  ../../../../../libopencm3//lib/libopencm3_stm32f0.a(dma_common_l1f013.o)
                                                  usart.o
dma_enable_peripheral_increment_mode              ../../../../../libopencm3//lib/libopencm3_stm32f0.a(dma_common_l1f013.o)
                                                  usart.o
dma_enable_transfer_complete_interrupt            ../../../../../libopencm3//lib/libopencm3_stm32f0.a(dma_common_l1f013.o)
                                                  usart.o
dma_enable_transfer_error_interrupt               ../../../../../libopencm3//lib/libopencm3_stm32f0.a(dma_common_l1f013.o)
dma_get_interrupt_flag                            ../../../../../libopencm3//lib/libopencm3_stm32f0.a(dma_common_l1f013.o)
                                                  usart.o
dma_get_number_of_data                            ../../../../../libopencm3//lib/libopencm3_stm32f0.a(dma_common_l1f013.o)
dma_set_memory_address                            ../../../../../libopencm3//lib/libopencm3_stm32f0.a(dma_common_l1f013.o)
                                                  usart.o
dma_set_memory_size                               ../../../../../libopencm3//lib/libopencm3_stm32f0.a(dma_common_l1f013.o)
                                                  usart.o
dma_set_number_of_data                            ../../../../../libopencm3//lib/libopencm3_stm32f0.a(dma_common_l1f013.o)
                                                  usart.o
dma_set_peripheral_address                        ../../../../../libopencm3//lib/libopencm3_stm32f0.a(dma_common_l1f013.o)
                                                  usart.o
dma_set_peripheral_size                           ../../../../../libopencm3//lib/libopencm3_stm32f0.a(dma_common_l1f013.o)
                                                  usart.o
dma_set_priority                                  ../../../../../libopencm3//lib/libopencm3_stm32f0.a(dma_common_l1f013.o)
                                                  usart.o
dma_set_read_from_memory                          ../../../../../libopencm3//lib/libopencm3_stm32f0.a(dma_common_l1f013.o)
                                                  usart.o
dma_set_read_from_peripheral                      ../../../../../libopencm3//lib/libopencm3_stm32f0.a(dma_common_l1f013.o)
                                                  usart.o
exti0_1_isr                                       ../../../../../libopencm3//lib/libopencm3_stm32f0.a(vector.o)
exti2_3_isr                                       ../../../../../libopencm3//lib/libopencm3_stm32f0.a(vector.o)
exti4_15_isr                                      ../../../../../libopencm3//lib/libopencm3_stm32f0.a(vector.o)
flash_isr                                         ../../../../../libopencm3//lib/libopencm3_stm32f0.a(vector.o)
flash_prefetch_disable                            ../../../../../libopencm3//lib/libopencm3_stm32f0.a(flash_common_all.o)
flash_prefetch_enable                             ../../../../../libopencm3//lib/libopencm3_stm32f0.a(flash_common_all.o)
                                                  ../../../../../libopencm3//lib/libopencm3_stm32f0.a(rcc.o)
flash_set_ws                                      ../../../../../libopencm3//lib/libopencm3_stm32f0.a(flash_common_all.o)
                                                  ../../../../../libopencm3//lib/libopencm3_stm32f0.a(rcc.o)
flash_unlock_option_bytes                         ../../../../../libopencm3//lib/libopencm3_stm32f0.a(flash_common_all.o)
gpio_mode_setup                                   ../../../../../libopencm3//lib/libopencm3_stm32f0.a(gpio_common_f0234.o)
                                                  usart.o
gpio_set_af                                       ../../../../../libopencm3//lib/libopencm3_stm32f0.a(gpio_common_f0234.o)
                                                  usart.o
gpio_set_output_options                           ../../../../../libopencm3//lib/libopencm3_stm32f0.a(gpio_common_f0234.o)
                                                  usart.o
hard_fault_handler                                ../../../../../libopencm3//lib/libopencm3_stm32f0.a(vector.o)
i2c1_isr                                          ../../../../../libopencm3//lib/libopencm3_stm32f0.a(vector.o)
i2c2_isr                                          ../../../../../libopencm3//lib/libopencm3_stm32f0.a(vector.o)
ledBuf                                            usart.o
main                                              usart.o
                                                  ../../../../../libopencm3//lib/libopencm3_stm32f0.a(vector.o)
nmi_handler                                       ../../../../../libopencm3//lib/libopencm3_stm32f0.a(vector.o)
null_handler                                      ../../../../../libopencm3//lib/libopencm3_stm32f0.a(vector.o)
nvic_clear_pending_irq                            ../../../../../libopencm3//lib/libopencm3_stm32f0.a(nvic.o)
nvic_disable_irq                                  ../../../../../libopencm3//lib/libopencm3_stm32f0.a(nvic.o)
nvic_enable_irq                                   ../../../../../libopencm3//lib/libopencm3_stm32f0.a(nvic.o)
                                                  usart.o
nvic_get_irq_enabled                              ../../../../../libopencm3//lib/libopencm3_stm32f0.a(nvic.o)
nvic_get_pending_irq                              ../../../../../libopencm3//lib/libopencm3_stm32f0.a(nvic.o)
nvic_set_pending_irq                              ../../../../../libopencm3//lib/libopencm3_stm32f0.a(nvic.o)
nvic_set_priority                                 ../../../../../libopencm3//lib/libopencm3_stm32f0.a(nvic.o)
pend_sv_handler                                   ../../../../../libopencm3//lib/libopencm3_stm32f0.a(vector.o)
pvd_isr                                           ../../../../../libopencm3//lib/libopencm3_stm32f0.a(vector.o)
rcc_ahb_frequency                                 ../../../../../libopencm3//lib/libopencm3_stm32f0.a(rcc.o)
rcc_apb1_frequency                                ../../../../../libopencm3//lib/libopencm3_stm32f0.a(rcc.o)
                                                  ../../../../../libopencm3//lib/libopencm3_stm32f0.a(usart_common_all.o)
rcc_clock_setup_in_hse_8mhz_out_48mhz             ../../../../../libopencm3//lib/libopencm3_stm32f0.a(rcc.o)
                                                  usart.o
rcc_clock_setup_in_hsi48_out_48mhz                ../../../../../libopencm3//lib/libopencm3_stm32f0.a(rcc.o)
rcc_clock_setup_in_hsi_out_48mhz                  ../../../../../libopencm3//lib/libopencm3_stm32f0.a(rcc.o)
rcc_css_disable                                   ../../../../../libopencm3//lib/libopencm3_stm32f0.a(rcc.o)
rcc_css_enable                                    ../../../../../libopencm3//lib/libopencm3_stm32f0.a(rcc.o)
rcc_css_int_clear                                 ../../../../../libopencm3//lib/libopencm3_stm32f0.a(rcc.o)
rcc_css_int_flag                                  ../../../../../libopencm3//lib/libopencm3_stm32f0.a(rcc.o)
rcc_disable_rtc_clock                             ../../../../../libopencm3//lib/libopencm3_stm32f0.a(rcc.o)
rcc_enable_rtc_clock                              ../../../../../libopencm3//lib/libopencm3_stm32f0.a(rcc.o)
rcc_get_i2c_clocks                                ../../../../../libopencm3//lib/libopencm3_stm32f0.a(rcc.o)
rcc_is_osc_ready                                  ../../../../../libopencm3//lib/libopencm3_stm32f0.a(rcc.o)
rcc_isr                                           ../../../../../libopencm3//lib/libopencm3_stm32f0.a(vector.o)
rcc_osc_bypass_disable                            ../../../../../libopencm3//lib/libopencm3_stm32f0.a(rcc_common_all.o)
rcc_osc_bypass_enable                             ../../../../../libopencm3//lib/libopencm3_stm32f0.a(rcc_common_all.o)
rcc_osc_off                                       ../../../../../libopencm3//lib/libopencm3_stm32f0.a(rcc.o)
rcc_osc_on                                        ../../../../../libopencm3//lib/libopencm3_stm32f0.a(rcc.o)
rcc_osc_ready_int_clear                           ../../../../../libopencm3//lib/libopencm3_stm32f0.a(rcc.o)
rcc_osc_ready_int_disable                         ../../../../../libopencm3//lib/libopencm3_stm32f0.a(rcc.o)
rcc_osc_ready_int_enable                          ../../../../../libopencm3//lib/libopencm3_stm32f0.a(rcc.o)
rcc_osc_ready_int_flag                            ../../../../../libopencm3//lib/libopencm3_stm32f0.a(rcc.o)
rcc_periph_clock_disable                          ../../../../../libopencm3//lib/libopencm3_stm32f0.a(rcc_common_all.o)
rcc_periph_clock_enable                           ../../../../../libopencm3//lib/libopencm3_stm32f0.a(rcc_common_all.o)
                                                  usart.o
rcc_periph_reset_hold                             ../../../../../libopencm3//lib/libopencm3_stm32f0.a(rcc_common_all.o)
rcc_periph_reset_pulse                            ../../../../../libopencm3//lib/libopencm3_stm32f0.a(rcc_common_all.o)
rcc_periph_reset_release                          ../../../../../libopencm3//lib/libopencm3_stm32f0.a(rcc_common_all.o)
rcc_peripheral_clear_reset                        ../../../../../libopencm3//lib/libopencm3_stm32f0.a(rcc_common_all.o)
rcc_peripheral_disable_clock                      ../../../../../libopencm3//lib/libopencm3_stm32f0.a(rcc_common_all.o)
rcc_peripheral_enable_clock                       ../../../../../libopencm3//lib/libopencm3_stm32f0.a(rcc_common_all.o)
rcc_peripheral_reset                              ../../../../../libopencm3//lib/libopencm3_stm32f0.a(rcc_common_all.o)
rcc_set_hpre                                      ../../../../../libopencm3//lib/libopencm3_stm32f0.a(rcc.o)
rcc_set_i2c_clock_hsi                             ../../../../../libopencm3//lib/libopencm3_stm32f0.a(rcc.o)
rcc_set_i2c_clock_sysclk                          ../../../../../libopencm3//lib/libopencm3_stm32f0.a(rcc.o)
rcc_set_mco                                       ../../../../../libopencm3//lib/libopencm3_stm32f0.a(rcc_common_all.o)
rcc_set_pll_multiplication_factor                 ../../../../../libopencm3//lib/libopencm3_stm32f0.a(rcc.o)
rcc_set_pll_source                                ../../../../../libopencm3//lib/libopencm3_stm32f0.a(rcc.o)
rcc_set_pllxtpre                                  ../../../../../libopencm3//lib/libopencm3_stm32f0.a(rcc.o)
rcc_set_ppre                                      ../../../../../libopencm3//lib/libopencm3_stm32f0.a(rcc.o)
rcc_set_prediv                                    ../../../../../libopencm3//lib/libopencm3_stm32f0.a(rcc.o)
rcc_set_rtc_clock_source                          ../../../../../libopencm3//lib/libopencm3_stm32f0.a(rcc.o)
rcc_set_sysclk_source                             ../../../../../libopencm3//lib/libopencm3_stm32f0.a(rcc.o)
rcc_set_usbclk_source                             ../../../../../libopencm3//lib/libopencm3_stm32f0.a(rcc.o)
rcc_system_clock_source                           ../../../../../libopencm3//lib/libopencm3_stm32f0.a(rcc.o)
rcc_usb_clock_source                              ../../../../../libopencm3//lib/libopencm3_stm32f0.a(rcc.o)
rcc_wait_for_osc_ready                            ../../../../../libopencm3//lib/libopencm3_stm32f0.a(rcc.o)
reset_handler                                     ../../../../../libopencm3//lib/libopencm3_stm32f0.a(vector.o)
rtc_isr                                           ../../../../../libopencm3//lib/libopencm3_stm32f0.a(vector.o)
spi1_isr                                          ../../../../../libopencm3//lib/libopencm3_stm32f0.a(vector.o)
spi2_isr                                          ../../../../../libopencm3//lib/libopencm3_stm32f0.a(vector.o)
strncmp                                           /usr/lib/gcc/arm-none-eabi/5.4.1/../../../arm-none-eabi/lib/armv6-m/libc.a(lib_a-strncmp.o)
                                                  usart.o
sv_call_handler                                   ../../../../../libopencm3//lib/libopencm3_stm32f0.a(vector.o)
sys_tick_handler                                  ../../../../../libopencm3//lib/libopencm3_stm32f0.a(vector.o)
tim14_isr                                         ../../../../../libopencm3//lib/libopencm3_stm32f0.a(vector.o)
tim15_isr                                         ../../../../../libopencm3//lib/libopencm3_stm32f0.a(vector.o)
tim16_isr                                         ../../../../../libopencm3//lib/libopencm3_stm32f0.a(vector.o)
tim17_isr                                         ../../../../../libopencm3//lib/libopencm3_stm32f0.a(vector.o)
tim1_brk_up_trg_com_isr                           ../../../../../libopencm3//lib/libopencm3_stm32f0.a(vector.o)
tim1_cc_isr                                       usart.o
tim2_isr                                          ../../../../../libopencm3//lib/libopencm3_stm32f0.a(vector.o)
tim3_isr                                          ../../../../../libopencm3//lib/libopencm3_stm32f0.a(vector.o)
tim6_dac_isr                                      ../../../../../libopencm3//lib/libopencm3_stm32f0.a(vector.o)
tim7_isr                                          ../../../../../libopencm3//lib/libopencm3_stm32f0.a(vector.o)
timer_clear_flag                                  ../../../../../libopencm3//lib/libopencm3_stm32f0.a(timer_common_all.o)
                                                  usart.o
timer_continuous_mode                             ../../../../../libopencm3//lib/libopencm3_stm32f0.a(timer_common_all.o)
timer_direction_down                              ../../../../../libopencm3//lib/libopencm3_stm32f0.a(timer_common_all.o)
timer_direction_up                                ../../../../../libopencm3//lib/libopencm3_stm32f0.a(timer_common_all.o)
timer_disable_break                               ../../../../../libopencm3//lib/libopencm3_stm32f0.a(timer_common_all.o)
timer_disable_break_automatic_output              ../../../../../libopencm3//lib/libopencm3_stm32f0.a(timer_common_all.o)
timer_disable_break_main_output                   ../../../../../libopencm3//lib/libopencm3_stm32f0.a(timer_common_all.o)
timer_disable_compare_control_update_on_trigger   ../../../../../libopencm3//lib/libopencm3_stm32f0.a(timer_common_all.o)
timer_disable_counter                             ../../../../../libopencm3//lib/libopencm3_stm32f0.a(timer_common_all.o)
                                                  usart.o
timer_disable_irq                                 ../../../../../libopencm3//lib/libopencm3_stm32f0.a(timer_common_all.o)
                                                  usart.o
timer_disable_oc_clear                            ../../../../../libopencm3//lib/libopencm3_stm32f0.a(timer_common_all.o)
timer_disable_oc_output                           ../../../../../libopencm3//lib/libopencm3_stm32f0.a(timer_common_all.o)
timer_disable_oc_preload                          ../../../../../libopencm3//lib/libopencm3_stm32f0.a(timer_common_all.o)
timer_disable_preload                             ../../../../../libopencm3//lib/libopencm3_stm32f0.a(timer_common_all.o)
timer_disable_preload_complementry_enable_bits    ../../../../../libopencm3//lib/libopencm3_stm32f0.a(timer_common_all.o)
timer_disable_update_event                        ../../../../../libopencm3//lib/libopencm3_stm32f0.a(timer_common_all.o)
timer_enable_break                                ../../../../../libopencm3//lib/libopencm3_stm32f0.a(timer_common_all.o)
timer_enable_break_automatic_output               ../../../../../libopencm3//lib/libopencm3_stm32f0.a(timer_common_all.o)
timer_enable_break_main_output                    ../../../../../libopencm3//lib/libopencm3_stm32f0.a(timer_common_all.o)
timer_enable_compare_control_update_on_trigger    ../../../../../libopencm3//lib/libopencm3_stm32f0.a(timer_common_all.o)
timer_enable_counter                              ../../../../../libopencm3//lib/libopencm3_stm32f0.a(timer_common_all.o)
                                                  usart.o
timer_enable_irq                                  ../../../../../libopencm3//lib/libopencm3_stm32f0.a(timer_common_all.o)
                                                  usart.o
timer_enable_oc_clear                             ../../../../../libopencm3//lib/libopencm3_stm32f0.a(timer_common_all.o)
timer_enable_oc_output                            ../../../../../libopencm3//lib/libopencm3_stm32f0.a(timer_common_all.o)
timer_enable_oc_preload                           ../../../../../libopencm3//lib/libopencm3_stm32f0.a(timer_common_all.o)
timer_enable_preload                              ../../../../../libopencm3//lib/libopencm3_stm32f0.a(timer_common_all.o)
timer_enable_preload_complementry_enable_bits     ../../../../../libopencm3//lib/libopencm3_stm32f0.a(timer_common_all.o)
timer_enable_update_event                         ../../../../../libopencm3//lib/libopencm3_stm32f0.a(timer_common_all.o)
timer_generate_event                              ../../../../../libopencm3//lib/libopencm3_stm32f0.a(timer_common_all.o)
timer_get_counter                                 ../../../../../libopencm3//lib/libopencm3_stm32f0.a(timer_common_all.o)
timer_get_flag                                    ../../../../../libopencm3//lib/libopencm3_stm32f0.a(timer_common_all.o)
timer_ic_disable                                  ../../../../../libopencm3//lib/libopencm3_stm32f0.a(timer_common_all.o)
timer_ic_enable                                   ../../../../../libopencm3//lib/libopencm3_stm32f0.a(timer_common_all.o)
timer_ic_set_filter                               ../../../../../libopencm3//lib/libopencm3_stm32f0.a(timer_common_all.o)
timer_ic_set_input                                ../../../../../libopencm3//lib/libopencm3_stm32f0.a(timer_common_all.o)
timer_ic_set_prescaler                            ../../../../../libopencm3//lib/libopencm3_stm32f0.a(timer_common_all.o)
timer_interrupt_source                            ../../../../../libopencm3//lib/libopencm3_stm32f0.a(timer_common_all.o)
timer_one_shot_mode                               ../../../../../libopencm3//lib/libopencm3_stm32f0.a(timer_common_all.o)
timer_reset_output_idle_state                     ../../../../../libopencm3//lib/libopencm3_stm32f0.a(timer_common_all.o)
timer_set_alignment                               ../../../../../libopencm3//lib/libopencm3_stm32f0.a(timer_common_all.o)
timer_set_break_lock                              ../../../../../libopencm3//lib/libopencm3_stm32f0.a(timer_common_all.o)
timer_set_break_polarity_high                     ../../../../../libopencm3//lib/libopencm3_stm32f0.a(timer_common_all.o)
timer_set_break_polarity_low                      ../../../../../libopencm3//lib/libopencm3_stm32f0.a(timer_common_all.o)
timer_set_clock_division                          ../../../../../libopencm3//lib/libopencm3_stm32f0.a(timer_common_all.o)
timer_set_counter                                 ../../../../../libopencm3//lib/libopencm3_stm32f0.a(timer_common_all.o)
timer_set_deadtime                                ../../../../../libopencm3//lib/libopencm3_stm32f0.a(timer_common_all.o)
timer_set_disabled_off_state_in_idle_mode         ../../../../../libopencm3//lib/libopencm3_stm32f0.a(timer_common_all.o)
timer_set_disabled_off_state_in_run_mode          ../../../../../libopencm3//lib/libopencm3_stm32f0.a(timer_common_all.o)
timer_set_dma_on_compare_event                    ../../../../../libopencm3//lib/libopencm3_stm32f0.a(timer_common_all.o)
timer_set_dma_on_update_event                     ../../../../../libopencm3//lib/libopencm3_stm32f0.a(timer_common_all.o)
timer_set_enabled_off_state_in_idle_mode          ../../../../../libopencm3//lib/libopencm3_stm32f0.a(timer_common_all.o)
timer_set_enabled_off_state_in_run_mode           ../../../../../libopencm3//lib/libopencm3_stm32f0.a(timer_common_all.o)
timer_set_master_mode                             ../../../../../libopencm3//lib/libopencm3_stm32f0.a(timer_common_all.o)
timer_set_mode                                    ../../../../../libopencm3//lib/libopencm3_stm32f0.a(timer_common_all.o)
timer_set_oc_fast_mode                            ../../../../../libopencm3//lib/libopencm3_stm32f0.a(timer_common_all.o)
timer_set_oc_idle_state_set                       ../../../../../libopencm3//lib/libopencm3_stm32f0.a(timer_common_all.o)
timer_set_oc_idle_state_unset                     ../../../../../libopencm3//lib/libopencm3_stm32f0.a(timer_common_all.o)
timer_set_oc_mode                                 ../../../../../libopencm3//lib/libopencm3_stm32f0.a(timer_common_all.o)
timer_set_oc_polarity_high                        ../../../../../libopencm3//lib/libopencm3_stm32f0.a(timer_common_all.o)
timer_set_oc_polarity_low                         ../../../../../libopencm3//lib/libopencm3_stm32f0.a(timer_common_all.o)
timer_set_oc_slow_mode                            ../../../../../libopencm3//lib/libopencm3_stm32f0.a(timer_common_all.o)
timer_set_oc_value                                ../../../../../libopencm3//lib/libopencm3_stm32f0.a(timer_common_all.o)
timer_set_output_idle_state                       ../../../../../libopencm3//lib/libopencm3_stm32f0.a(timer_common_all.o)
timer_set_period                                  ../../../../../libopencm3//lib/libopencm3_stm32f0.a(timer_common_all.o)
timer_set_prescaler                               ../../../../../libopencm3//lib/libopencm3_stm32f0.a(timer_common_all.o)
timer_set_repetition_counter                      ../../../../../libopencm3//lib/libopencm3_stm32f0.a(timer_common_all.o)
timer_set_ti1_ch1                                 ../../../../../libopencm3//lib/libopencm3_stm32f0.a(timer_common_all.o)
timer_set_ti1_ch123_xor                           ../../../../../libopencm3//lib/libopencm3_stm32f0.a(timer_common_all.o)
timer_slave_set_filter                            ../../../../../libopencm3//lib/libopencm3_stm32f0.a(timer_common_all.o)
timer_slave_set_mode                              ../../../../../libopencm3//lib/libopencm3_stm32f0.a(timer_common_all.o)
timer_slave_set_polarity                          ../../../../../libopencm3//lib/libopencm3_stm32f0.a(timer_common_all.o)
timer_slave_set_prescaler                         ../../../../../libopencm3//lib/libopencm3_stm32f0.a(timer_common_all.o)
timer_slave_set_trigger                           ../../../../../libopencm3//lib/libopencm3_stm32f0.a(timer_common_all.o)
timer_update_on_any                               ../../../../../libopencm3//lib/libopencm3_stm32f0.a(timer_common_all.o)
timer_update_on_overflow                          ../../../../../libopencm3//lib/libopencm3_stm32f0.a(timer_common_all.o)
tsc_isr                                           ../../../../../libopencm3//lib/libopencm3_stm32f0.a(vector.o)
uartBuf                                           usart.o
uartBufbk                                         usart.o
usart1_isr                                        usart.o
usart2_isr                                        ../../../../../libopencm3//lib/libopencm3_stm32f0.a(vector.o)
usart3_4_isr                                      ../../../../../libopencm3//lib/libopencm3_stm32f0.a(vector.o)
usart_disable                                     ../../../../../libopencm3//lib/libopencm3_stm32f0.a(usart_common_all.o)
usart_disable_data_inversion                      ../../../../../libopencm3//lib/libopencm3_stm32f0.a(usart_common_v2.o)
usart_disable_error_interrupt                     ../../../../../libopencm3//lib/libopencm3_stm32f0.a(usart_common_all.o)
usart_disable_halfduplex                          ../../../../../libopencm3//lib/libopencm3_stm32f0.a(usart_common_v2.o)
usart_disable_rx_dma                              ../../../../../libopencm3//lib/libopencm3_stm32f0.a(usart_common_all.o)
usart_disable_rx_interrupt                        ../../../../../libopencm3//lib/libopencm3_stm32f0.a(usart_common_all.o)
usart_disable_rx_inversion                        ../../../../../libopencm3//lib/libopencm3_stm32f0.a(usart_common_v2.o)
usart_disable_rx_timeout                          ../../../../../libopencm3//lib/libopencm3_stm32f0.a(usart_common_v2.o)
usart_disable_rx_timeout_interrupt                ../../../../../libopencm3//lib/libopencm3_stm32f0.a(usart_common_v2.o)
usart_disable_tx_dma                              ../../../../../libopencm3//lib/libopencm3_stm32f0.a(usart_common_all.o)
usart_disable_tx_interrupt                        ../../../../../libopencm3//lib/libopencm3_stm32f0.a(usart_common_all.o)
usart_disable_tx_inversion                        ../../../../../libopencm3//lib/libopencm3_stm32f0.a(usart_common_v2.o)
usart_enable                                      ../../../../../libopencm3//lib/libopencm3_stm32f0.a(usart_common_all.o)
                                                  usart.o
usart_enable_data_inversion                       ../../../../../libopencm3//lib/libopencm3_stm32f0.a(usart_common_v2.o)
usart_enable_error_interrupt                      ../../../../../libopencm3//lib/libopencm3_stm32f0.a(usart_common_all.o)
usart_enable_halfduplex                           ../../../../../libopencm3//lib/libopencm3_stm32f0.a(usart_common_v2.o)
usart_enable_rx_dma                               ../../../../../libopencm3//lib/libopencm3_stm32f0.a(usart_common_all.o)
usart_enable_rx_interrupt                         ../../../../../libopencm3//lib/libopencm3_stm32f0.a(usart_common_all.o)
                                                  usart.o
usart_enable_rx_inversion                         ../../../../../libopencm3//lib/libopencm3_stm32f0.a(usart_common_v2.o)
usart_enable_rx_timeout                           ../../../../../libopencm3//lib/libopencm3_stm32f0.a(usart_common_v2.o)
usart_enable_rx_timeout_interrupt                 ../../../../../libopencm3//lib/libopencm3_stm32f0.a(usart_common_v2.o)
usart_enable_tx_dma                               ../../../../../libopencm3//lib/libopencm3_stm32f0.a(usart_common_all.o)
usart_enable_tx_interrupt                         ../../../../../libopencm3//lib/libopencm3_stm32f0.a(usart_common_all.o)
usart_enable_tx_inversion                         ../../../../../libopencm3//lib/libopencm3_stm32f0.a(usart_common_v2.o)
usart_get_flag                                    ../../../../../libopencm3//lib/libopencm3_stm32f0.a(usart_common_v2.o)
usart_recv                                        ../../../../../libopencm3//lib/libopencm3_stm32f0.a(usart_common_v2.o)
                                                  ../../../../../libopencm3//lib/libopencm3_stm32f0.a(usart_common_all.o)
                                                  usart.o
usart_recv_blocking                               ../../../../../libopencm3//lib/libopencm3_stm32f0.a(usart_common_all.o)
usart_send                                        ../../../../../libopencm3//lib/libopencm3_stm32f0.a(usart_common_v2.o)
                                                  ../../../../../libopencm3//lib/libopencm3_stm32f0.a(usart_common_all.o)
usart_send_blocking                               ../../../../../libopencm3//lib/libopencm3_stm32f0.a(usart_common_all.o)
                                                  usart.o
usart_set_baudrate                                ../../../../../libopencm3//lib/libopencm3_stm32f0.a(usart_common_all.o)
                                                  usart.o
usart_set_databits                                ../../../../../libopencm3//lib/libopencm3_stm32f0.a(usart_common_all.o)
                                                  usart.o
usart_set_flow_control                            ../../../../../libopencm3//lib/libopencm3_stm32f0.a(usart_common_all.o)
                                                  usart.o
usart_set_mode                                    ../../../../../libopencm3//lib/libopencm3_stm32f0.a(usart_common_all.o)
                                                  usart.o
usart_set_parity                                  ../../../../../libopencm3//lib/libopencm3_stm32f0.a(usart_common_all.o)
                                                  usart.o
usart_set_rx_timeout_value                        ../../../../../libopencm3//lib/libopencm3_stm32f0.a(usart_common_v2.o)
usart_set_stopbits                                ../../../../../libopencm3//lib/libopencm3_stm32f0.a(usart_common_all.o)
                                                  usart.o
usart_wait_recv_ready                             ../../../../../libopencm3//lib/libopencm3_stm32f0.a(usart_common_v2.o)
                                                  ../../../../../libopencm3//lib/libopencm3_stm32f0.a(usart_common_all.o)
usart_wait_send_ready                             ../../../../../libopencm3//lib/libopencm3_stm32f0.a(usart_common_v2.o)
                                                  ../../../../../libopencm3//lib/libopencm3_stm32f0.a(usart_common_all.o)
usb_isr                                           ../../../../../libopencm3//lib/libopencm3_stm32f0.a(vector.o)
vector_table                                      ../../../../../libopencm3//lib/libopencm3_stm32f0.a(vector.o)
wwdg_isr                                          ../../../../../libopencm3//lib/libopencm3_stm32f0.a(vector.o)
